2026-01-31 16:01:02 | INFO     | mini_noc | Starting Mini NOC - Network Monitoring System v1.0.0
2026-01-31 16:01:02 | INFO     | mini_noc | Database initialized
2026-01-31 16:27:01 | INFO     | mini_noc | Shutting down Mini NOC
2026-01-31 16:27:02 | INFO     | mini_noc | Starting Mini NOC - Network Monitoring System v1.0.0
2026-01-31 16:27:02 | INFO     | mini_noc | Database initialized
2026-01-31 16:27:46 | INFO     | mini_noc | Shutting down Mini NOC
2026-01-31 16:27:46 | INFO     | mini_noc | Starting Mini NOC - Network Monitoring System v1.0.0
2026-01-31 16:27:46 | INFO     | mini_noc | Database initialized
2026-01-31 16:28:05 | INFO     | mini_noc | Shutting down Mini NOC
2026-01-31 16:28:06 | INFO     | mini_noc | Starting Mini NOC - Network Monitoring System v1.0.0
2026-01-31 16:28:06 | INFO     | mini_noc | Database initialized
2026-01-31 16:29:21 | INFO     | mini_noc | Shutting down Mini NOC
2026-01-31 16:29:21 | INFO     | mini_noc | Starting Mini NOC - Network Monitoring System v1.0.0
2026-01-31 16:29:21 | INFO     | mini_noc | Database initialized
2026-01-31 16:51:54 | INFO     | mini_noc | Shutting down Mini NOC
2026-01-31 16:51:55 | INFO     | mini_noc | Starting Mini NOC - Network Monitoring System v1.0.0
2026-01-31 16:51:55 | INFO     | mini_noc | Database initialized
2026-01-31 16:52:56 | INFO     | mini_noc | Shutting down Mini NOC
2026-01-31 16:52:57 | INFO     | mini_noc | Starting Mini NOC - Network Monitoring System v1.0.0
2026-01-31 16:52:57 | INFO     | mini_noc | Database initialized
2026-01-31 16:52:58 | INFO     | mini_noc | Shutting down Mini NOC
2026-01-31 16:52:59 | INFO     | mini_noc | Starting Mini NOC - Network Monitoring System v1.0.0
2026-01-31 16:52:59 | INFO     | mini_noc | Database initialized
2026-01-31 16:53:39 | INFO     | mini_noc | Shutting down Mini NOC
2026-01-31 16:53:40 | INFO     | mini_noc | Starting Mini NOC - Network Monitoring System v1.0.0
2026-01-31 16:53:40 | INFO     | mini_noc | Database initialized
2026-01-31 16:54:20 | INFO     | mini_noc | Shutting down Mini NOC
2026-01-31 16:54:21 | INFO     | mini_noc | Starting Mini NOC - Network Monitoring System v1.0.0
2026-01-31 16:54:21 | INFO     | mini_noc | Database initialized
2026-01-31 16:54:22 | INFO     | mini_noc | Shutting down Mini NOC
2026-01-31 16:54:23 | INFO     | mini_noc | Starting Mini NOC - Network Monitoring System v1.0.0
2026-01-31 16:54:23 | INFO     | mini_noc | Database initialized
2026-01-31 16:54:51 | INFO     | mini_noc | Shutting down Mini NOC
2026-01-31 16:57:18 | INFO     | mini_noc | Starting Mini NOC - Network Monitoring System v1.0.0
2026-01-31 16:57:18 | INFO     | mini_noc | Database initialized
2026-01-31 17:02:26 | INFO     | mini_noc | Starting Mini NOC - Network Monitoring System v1.0.0
2026-01-31 17:02:26 | INFO     | mini_noc | Database initialized
2026-01-31 17:03:58 | INFO     | mini_noc | Shutting down Mini NOC
2026-01-31 17:04:22 | INFO     | mini_noc | Starting Mini NOC - Network Monitoring System v1.0.0
2026-01-31 17:04:22 | INFO     | mini_noc | Database initialized
2026-01-31 17:07:53 | INFO     | mini_noc | Shutting down Mini NOC
2026-01-31 17:07:54 | INFO     | mini_noc | Starting Mini NOC - Network Monitoring System v1.0.0
2026-01-31 17:07:54 | INFO     | mini_noc | Database initialized
2026-01-31 17:08:08 | INFO     | mini_noc | Starting Mini NOC - Network Monitoring System v1.0.0
2026-01-31 17:08:08 | INFO     | mini_noc | Database initialized
2026-01-31 17:10:42 | INFO     | mini_noc | Shutting down Mini NOC
2026-01-31 17:10:42 | INFO     | mini_noc | Starting Mini NOC - Network Monitoring System v1.0.0
2026-01-31 17:10:42 | INFO     | mini_noc | Database initialized
2026-01-31 17:10:42 | INFO     | mini_noc | Background monitoring started
2026-01-31 17:10:42 | INFO     | mini_noc | Monitoring loop started (interval: 60s)
2026-01-31 17:12:02 | INFO     | mini_noc | Starting Mini NOC - Network Monitoring System v1.0.0
2026-01-31 17:12:02 | INFO     | mini_noc | Database initialized
2026-01-31 17:12:02 | INFO     | mini_noc | Background monitoring started
2026-01-31 17:12:02 | INFO     | mini_noc | Monitoring loop started (interval: 60s)
2026-01-31 17:13:06 | INFO     | mini_noc | Shutting down Mini NOC
2026-01-31 17:13:06 | INFO     | mini_noc | Background monitoring stopped
2026-01-31 17:13:07 | INFO     | mini_noc | Starting Mini NOC - Network Monitoring System v1.0.0
2026-01-31 17:13:07 | INFO     | mini_noc | Database initialized
2026-01-31 17:13:07 | INFO     | mini_noc | Background monitoring started
2026-01-31 17:13:07 | INFO     | mini_noc | Monitoring loop started (interval: 60s)
2026-01-31 17:13:39 | INFO     | mini_noc | Shutting down Mini NOC
2026-01-31 17:13:39 | INFO     | mini_noc | Background monitoring stopped
2026-01-31 17:13:40 | INFO     | mini_noc | Starting Mini NOC - Network Monitoring System v1.0.0
2026-01-31 17:13:40 | INFO     | mini_noc | Database initialized
2026-01-31 17:13:40 | INFO     | mini_noc | Background monitoring started
2026-01-31 17:13:40 | INFO     | mini_noc | Monitoring loop started (interval: 60s)
2026-01-31 17:13:54 | INFO     | mini_noc | Shutting down Mini NOC
2026-01-31 17:13:54 | INFO     | mini_noc | Background monitoring stopped
2026-01-31 17:16:44 | INFO     | mini_noc | Starting Mini NOC - Network Monitoring System v1.0.0
2026-01-31 17:16:44 | INFO     | mini_noc | Database initialized
2026-01-31 17:16:44 | INFO     | mini_noc | Background monitoring started
2026-01-31 17:16:44 | INFO     | mini_noc | Monitoring loop started (interval: 60s)
2026-01-31 17:26:37 | INFO     | mini_noc | Shutting down Mini NOC
2026-01-31 17:26:37 | INFO     | mini_noc | Background monitoring stopped
2026-01-31 17:26:39 | INFO     | mini_noc | Starting Mini NOC - Network Monitoring System v1.0.0
2026-01-31 17:26:39 | INFO     | mini_noc | Database initialized
2026-01-31 17:26:39 | INFO     | mini_noc | Background monitoring started
2026-01-31 17:26:39 | INFO     | mini_noc | Monitoring loop started (interval: 60s)
2026-01-31 17:26:47 | INFO     | mini_noc | Shutting down Mini NOC
2026-01-31 17:26:47 | INFO     | mini_noc | Background monitoring stopped
2026-01-31 17:26:48 | INFO     | mini_noc | Starting Mini NOC - Network Monitoring System v1.0.0
2026-01-31 17:26:48 | INFO     | mini_noc | Database initialized
2026-01-31 17:26:48 | INFO     | mini_noc | Background monitoring started
2026-01-31 17:26:48 | INFO     | mini_noc | Monitoring loop started (interval: 60s)
2026-01-31 17:28:16 | INFO     | mini_noc | Shutting down Mini NOC
2026-01-31 17:28:16 | INFO     | mini_noc | Background monitoring stopped
2026-01-31 17:28:17 | INFO     | mini_noc | Starting Mini NOC - Network Monitoring System v1.0.0
2026-01-31 17:28:17 | INFO     | mini_noc | Database initialized
2026-01-31 17:28:17 | INFO     | mini_noc | Background monitoring started
2026-01-31 17:28:17 | INFO     | mini_noc | Monitoring loop started (interval: 60s)
2026-01-31 17:29:16 | INFO     | mini_noc | Shutting down Mini NOC
2026-01-31 17:29:16 | INFO     | mini_noc | Background monitoring stopped
2026-01-31 17:29:17 | INFO     | mini_noc | Starting Mini NOC - Network Monitoring System v1.0.0
2026-01-31 17:29:17 | INFO     | mini_noc | Database initialized
2026-01-31 17:29:17 | INFO     | mini_noc | Background monitoring started
2026-01-31 17:29:17 | INFO     | mini_noc | Monitoring loop started (interval: 60s)
2026-01-31 17:29:34 | INFO     | mini_noc | Shutting down Mini NOC
2026-01-31 17:29:34 | INFO     | mini_noc | Background monitoring stopped
2026-01-31 17:29:35 | INFO     | mini_noc | Starting Mini NOC - Network Monitoring System v1.0.0
2026-01-31 17:29:35 | INFO     | mini_noc | Database initialized
2026-01-31 17:29:35 | INFO     | mini_noc | Background monitoring started
2026-01-31 17:29:35 | INFO     | mini_noc | Monitoring loop started (interval: 60s)
2026-01-31 17:31:57 | INFO     | mini_noc | Starting Mini NOC - Network Monitoring System v1.0.0
2026-01-31 17:31:57 | INFO     | mini_noc | Database initialized
2026-01-31 17:31:57 | INFO     | mini_noc | Background monitoring started
2026-01-31 17:31:57 | INFO     | mini_noc | Monitoring loop started (interval: 60s)
2026-02-01 13:03:58 | INFO     | mini_noc | Shutting down Mini NOC
2026-02-01 13:03:58 | INFO     | mini_noc | Background monitoring stopped
2026-02-01 13:03:59 | INFO     | mini_noc | Starting Mini NOC - Network Monitoring System v1.0.0
2026-02-01 13:03:59 | INFO     | mini_noc | Database initialized
2026-02-01 13:03:59 | INFO     | mini_noc | Background monitoring started
2026-02-01 13:03:59 | INFO     | mini_noc | Monitoring loop started (interval: 60s)
2026-02-01 13:04:13 | INFO     | mini_noc | Shutting down Mini NOC
2026-02-01 13:04:13 | INFO     | mini_noc | Background monitoring stopped
2026-02-01 13:04:14 | INFO     | mini_noc | Starting Mini NOC - Network Monitoring System v1.0.0
2026-02-01 13:04:14 | INFO     | mini_noc | Database initialized
2026-02-01 13:04:14 | INFO     | mini_noc | Background monitoring started
2026-02-01 13:04:14 | INFO     | mini_noc | Monitoring loop started (interval: 60s)
2026-02-01 13:04:32 | INFO     | mini_noc | Shutting down Mini NOC
2026-02-01 13:04:32 | INFO     | mini_noc | Background monitoring stopped
2026-02-01 13:04:33 | INFO     | mini_noc | Starting Mini NOC - Network Monitoring System v1.0.0
2026-02-01 13:04:33 | INFO     | mini_noc | Database initialized
2026-02-01 13:04:33 | INFO     | mini_noc | Background monitoring started
2026-02-01 13:04:33 | INFO     | mini_noc | Monitoring loop started (interval: 60s)
2026-02-01 13:04:41 | INFO     | mini_noc | Shutting down Mini NOC
2026-02-01 13:04:41 | INFO     | mini_noc | Background monitoring stopped
2026-02-01 13:04:54 | INFO     | mini_noc | Starting Mini NOC - Network Monitoring System v1.0.0
2026-02-01 13:04:54 | INFO     | mini_noc | Database initialized
2026-02-01 13:04:54 | INFO     | mini_noc | Background monitoring started
2026-02-01 13:04:54 | INFO     | mini_noc | Monitoring loop started (interval: 60s)
2026-02-01 16:40:34 | INFO     | mini_noc | Shutting down Mini NOC
2026-02-01 16:40:34 | INFO     | mini_noc | Background monitoring stopped
2026-02-01 16:40:35 | INFO     | mini_noc | Starting Mini NOC - Network Monitoring System v1.0.0
2026-02-01 16:40:35 | INFO     | mini_noc | Database initialized
2026-02-01 16:40:35 | INFO     | mini_noc | Background monitoring started
2026-02-01 16:40:35 | INFO     | mini_noc | Monitoring loop started (interval: 60s)
2026-02-01 16:41:36 | INFO     | mini_noc | Shutting down Mini NOC
2026-02-01 16:41:36 | INFO     | mini_noc | Background monitoring stopped
2026-02-01 16:41:37 | INFO     | mini_noc | Starting Mini NOC - Network Monitoring System v1.0.0
2026-02-01 16:41:37 | INFO     | mini_noc | Database initialized
2026-02-01 16:41:37 | INFO     | mini_noc | Background monitoring started
2026-02-01 16:41:37 | INFO     | mini_noc | Monitoring loop started (interval: 60s)
2026-02-01 16:41:38 | INFO     | mini_noc | Shutting down Mini NOC
2026-02-01 16:41:38 | INFO     | mini_noc | Background monitoring stopped
2026-02-01 16:41:41 | INFO     | mini_noc | Starting Mini NOC - Network Monitoring System v1.0.0
2026-02-01 16:41:41 | INFO     | mini_noc | Database initialized
2026-02-01 16:41:41 | INFO     | mini_noc | Background monitoring started
2026-02-01 16:41:41 | INFO     | mini_noc | Monitoring loop started (interval: 60s)
2026-02-01 16:42:02 | INFO     | mini_noc | Shutting down Mini NOC
2026-02-01 16:42:02 | INFO     | mini_noc | Background monitoring stopped
2026-02-01 16:59:34 | INFO     | mini_noc | Starting Mini NOC - Network Monitoring System v1.0.0
2026-02-01 16:59:34 | INFO     | mini_noc | Database initialized
2026-02-01 16:59:34 | INFO     | mini_noc | Background monitoring started
2026-02-01 16:59:34 | INFO     | mini_noc | Monitoring loop started (interval: 60s)
2026-02-01 16:59:36 | INFO     | mini_noc | Starting Mini NOC - Network Monitoring System v1.0.0
2026-02-01 16:59:36 | INFO     | mini_noc | Starting Mini NOC - Network Monitoring System v1.0.0
2026-02-01 16:59:36 | INFO     | mini_noc | Starting Mini NOC - Network Monitoring System v1.0.0
2026-02-01 16:59:36 | INFO     | mini_noc | Starting Mini NOC - Network Monitoring System v1.0.0
2026-02-01 16:59:36 | INFO     | mini_noc | Database initialized
2026-02-01 16:59:36 | INFO     | mini_noc | Background monitoring started
2026-02-01 16:59:36 | INFO     | mini_noc | Monitoring loop started (interval: 60s)
2026-02-01 16:59:36 | INFO     | mini_noc | Database initialized
2026-02-01 16:59:36 | INFO     | mini_noc | Background monitoring started
2026-02-01 16:59:36 | INFO     | mini_noc | Database initialized
2026-02-01 16:59:36 | INFO     | mini_noc | Monitoring loop started (interval: 60s)
2026-02-01 16:59:36 | INFO     | mini_noc | Background monitoring started
2026-02-01 16:59:36 | INFO     | mini_noc | Monitoring loop started (interval: 60s)
2026-02-01 16:59:36 | INFO     | mini_noc | Database initialized
2026-02-01 16:59:36 | INFO     | mini_noc | Background monitoring started
2026-02-01 16:59:36 | INFO     | mini_noc | Monitoring loop started (interval: 60s)
2026-02-01 16:59:36 | INFO     | mini_noc | Starting Mini NOC - Network Monitoring System v1.0.0
2026-02-01 16:59:37 | INFO     | mini_noc | Database initialized
2026-02-01 16:59:37 | INFO     | mini_noc | Background monitoring started
2026-02-01 16:59:37 | INFO     | mini_noc | Monitoring loop started (interval: 60s)
2026-02-01 16:59:37 | INFO     | mini_noc | Starting Mini NOC - Network Monitoring System v1.0.0
2026-02-01 16:59:37 | INFO     | mini_noc | Database initialized
2026-02-01 16:59:37 | INFO     | mini_noc | Background monitoring started
2026-02-01 16:59:37 | INFO     | mini_noc | Monitoring loop started (interval: 60s)
2026-02-01 16:59:37 | INFO     | mini_noc | Starting Mini NOC - Network Monitoring System v1.0.0
2026-02-01 16:59:37 | INFO     | mini_noc | Database initialized
2026-02-01 16:59:37 | INFO     | mini_noc | Background monitoring started
2026-02-01 16:59:37 | INFO     | mini_noc | Monitoring loop started (interval: 60s)
2026-02-01 16:59:43 | INFO     | mini_noc | Starting Mini NOC - Network Monitoring System v1.0.0
2026-02-01 16:59:43 | INFO     | mini_noc | Database initialized
2026-02-01 16:59:43 | INFO     | mini_noc | Background monitoring started
2026-02-01 16:59:43 | INFO     | mini_noc | Monitoring loop started (interval: 60s)
2026-02-01 17:05:00 | INFO     | mini_noc | Starting Mini NOC - Network Monitoring System v1.0.0
2026-02-01 17:05:00 | INFO     | mini_noc | Database initialized
2026-02-01 17:05:00 | INFO     | mini_noc | Background monitoring started
2026-02-01 17:05:00 | INFO     | mini_noc | Monitoring loop started (interval: 60s)
2026-02-01 17:10:51 | INFO     | mini_noc | Starting Mini NOC - Network Monitoring System v1.0.0
2026-02-01 17:10:51 | INFO     | mini_noc | Database initialized
2026-02-01 17:10:51 | INFO     | mini_noc | Background monitoring started
2026-02-01 17:10:51 | INFO     | mini_noc | Monitoring loop started (interval: 60s)
2026-02-01 23:15:09 | INFO     | mini_noc | No active devices to monitor
2026-02-01 23:15:31 | INFO     | mini_noc | No active devices to monitor
2026-02-01 23:16:31 | INFO     | mini_noc | No active devices to monitor
2026-02-01 23:17:31 | INFO     | mini_noc | No active devices to monitor
2026-02-01 23:18:31 | INFO     | mini_noc | No active devices to monitor
2026-02-01 23:19:31 | INFO     | mini_noc | No active devices to monitor
2026-02-01 23:20:31 | INFO     | mini_noc | No active devices to monitor
2026-02-01 23:21:31 | INFO     | mini_noc | No active devices to monitor
2026-02-01 23:22:31 | INFO     | mini_noc | No active devices to monitor
2026-02-01 23:23:31 | INFO     | mini_noc | No active devices to monitor
2026-02-01 23:24:31 | INFO     | mini_noc | No active devices to monitor
2026-02-01 23:25:31 | INFO     | mini_noc | No active devices to monitor
2026-02-01 23:26:16 | INFO     | mini_noc | Shutting down Mini NOC
2026-02-01 23:26:16 | INFO     | mini_noc | Background monitoring stopped
2026-02-01 23:26:17 | INFO     | mini_noc | Starting Mini NOC - Network Monitoring System v1.0.0
2026-02-01 23:26:17 | INFO     | mini_noc | Database initialized
2026-02-01 23:26:17 | INFO     | mini_noc | Background monitoring started
2026-02-01 23:26:17 | INFO     | mini_noc | Monitoring loop started (interval: 60s)
2026-02-01 23:26:17 | INFO     | mini_noc | No active devices to monitor
2026-02-01 23:27:03 | INFO     | mini_noc | Shutting down Mini NOC
2026-02-01 23:27:03 | INFO     | mini_noc | Background monitoring stopped
2026-02-01 23:27:05 | INFO     | mini_noc | Starting Mini NOC - Network Monitoring System v1.0.0
2026-02-01 23:27:05 | INFO     | mini_noc | Database initialized
2026-02-01 23:27:05 | INFO     | mini_noc | Background monitoring started
2026-02-01 23:27:05 | INFO     | mini_noc | Monitoring loop started (interval: 60s)
2026-02-01 23:27:05 | INFO     | mini_noc | No active devices to monitor
2026-02-01 23:27:27 | INFO     | mini_noc | Shutting down Mini NOC
2026-02-01 23:27:27 | INFO     | mini_noc | Background monitoring stopped
2026-02-02 00:06:10 | INFO     | mini_noc | Starting Mini NOC - Network Monitoring System v1.0.0
2026-02-02 00:06:10 | INFO     | mini_noc | Database initialized
2026-02-02 00:06:10 | INFO     | mini_noc | Background monitoring started
2026-02-02 00:06:10 | INFO     | mini_noc | Monitoring loop started (interval: 60s)
2026-02-02 00:06:10 | INFO     | mini_noc | No active devices to monitor
2026-02-02 00:07:10 | INFO     | mini_noc | No active devices to monitor
2026-02-02 00:08:10 | INFO     | mini_noc | No active devices to monitor
2026-02-02 00:09:10 | INFO     | mini_noc | No active devices to monitor
2026-02-02 00:10:10 | INFO     | mini_noc | No active devices to monitor
2026-02-02 00:11:10 | INFO     | mini_noc | No active devices to monitor
2026-02-02 00:12:10 | INFO     | mini_noc | No active devices to monitor
2026-02-02 00:13:10 | INFO     | mini_noc | No active devices to monitor
2026-02-02 00:14:10 | INFO     | mini_noc | No active devices to monitor
2026-02-02 00:14:38 | INFO     | mini_noc | Shutting down Mini NOC
2026-02-02 00:14:38 | INFO     | mini_noc | Background monitoring stopped
2026-02-02 00:14:39 | INFO     | mini_noc | Starting Mini NOC - Network Monitoring System v1.0.0
2026-02-02 00:14:39 | INFO     | mini_noc | Database initialized
2026-02-02 00:14:39 | INFO     | mini_noc | Background monitoring started
2026-02-02 00:14:39 | INFO     | mini_noc | Monitoring loop started (interval: 60s)
2026-02-02 00:14:39 | INFO     | mini_noc | No active devices to monitor
2026-02-02 00:15:39 | INFO     | mini_noc | No active devices to monitor
2026-02-02 00:25:00 | INFO     | mini_noc | Shutting down Mini NOC
2026-02-02 00:25:00 | INFO     | mini_noc | Background monitoring stopped
2026-02-02 00:25:01 | INFO     | mini_noc | Starting Mini NOC - Network Monitoring System v1.0.0
2026-02-02 00:25:01 | INFO     | mini_noc | Database initialized
2026-02-02 00:25:01 | INFO     | mini_noc | Background monitoring started
2026-02-02 00:25:01 | INFO     | mini_noc | Monitoring loop started (interval: 60s)
2026-02-02 00:25:37 | INFO     | mini_noc | Shutting down Mini NOC
2026-02-02 00:25:37 | INFO     | mini_noc | Background monitoring stopped
2026-02-02 00:25:38 | INFO     | mini_noc | Starting Mini NOC - Network Monitoring System v1.0.0
2026-02-02 00:25:38 | INFO     | mini_noc | Database initialized
2026-02-02 00:25:38 | INFO     | mini_noc | Background monitoring started
2026-02-02 00:25:38 | INFO     | mini_noc | Monitoring loop started (interval: 60s)
2026-02-02 00:26:28 | INFO     | mini_noc | Shutting down Mini NOC
2026-02-02 00:26:28 | INFO     | mini_noc | Background monitoring stopped
2026-02-02 00:26:29 | INFO     | mini_noc | Starting Mini NOC - Network Monitoring System v1.0.0
2026-02-02 00:26:29 | INFO     | mini_noc | Database initialized
2026-02-02 00:26:29 | INFO     | mini_noc | Background monitoring started
2026-02-02 00:26:29 | INFO     | mini_noc | Monitoring loop started (interval: 60s)
